 
#-----------------------------------------------------------------------
#
#   ,o, ,o,       /                                 
#    `   `  e88~88e  d88~\   /~~~8e Y88b    e    / 
#   888 888 88   88 C888         88b Y88b  d8b  /   
#   888 888 "8b_d8"  Y88b   e88~-888  Y888/Y88b/  
#   888 888  /        888D C88   888   Y8/  Y8/     
#   88P 888 Cb      \_88P   "8b_-888    Y    Y    
# \_8"       Y8""8D                             
#
#-----------------------------------------------------------------------
# JIGSAW: an unstructured mesh generation library.  
#-----------------------------------------------------------------------
 
  JIGSAW VERSION 1.1.0

  CFG. data summary...

  GEOM-FILE = geom.msh
  MESH-FILE = ./data/NWA_25km_landmask_1m.msh
  HFUN-FILE = ./data/spac.msh
  INIT-FILE = 
  TRIA-FILE = 
  BNDS-FILE = 

  NUMTHREAD = 256

  GEOM-SEED = 8
  GEOM-PHI1 = 6.00e+01
  GEOM-PHI2 = 6.00e+01
  GEOM-ETA1 = 4.50e+01
  GEOM-ETA2 = 4.50e+01
  GEOM-FEAT = FALSE

  INIT-NEAR = 1.00e-08

  HFUN-SCAL = ABSOLUTE 
  HFUN-HMAX = 5.00e+01
  HFUN-HMIN = 5.00e-01

  BNDS-KERN = BND-TRIA 
  MESH-KERN = DELFRONT 
  MESH-ORPH = TRUE
  MESH-LOCK = FALSE
  MESH-TOP1 = FALSE
  MESH-TOP2 = FALSE
  MESH-ITER = MAXINT
  MESH-DIMS = 2
  MESH-SIZ1 = 1.33e+00
  MESH-SIZ2 = 1.31e+00
  MESH-SIZ2 = 1.30e+00
  MESH-EPS1 = 4.17e-01
  MESH-EPS2 = 4.17e-01
  MESH-RAD2 = 1.05e+00
  MESH-RAD3 = 2.05e+00
  MESH-OFF2 = 9.00e-01
  MESH-OFF3 = 1.10e+00
  MESH-SNK2 = 2.00e-01
  MESH-SNK3 = 3.33e-01
  MESH-VOL3 = 0.00e+00

  OPTM-KERN = CVT+DQDX 
  OPTM-ITER = 64
  OPTM-COST = SKEW-COS 
  OPTM-BETA = 4.95e-01
  OPTM-ZETA = 8.25e-01
  OPTM-QTOL = 1.00e-05
  OPTM-QLIM = 9.50e-01
  OPTM-WMIN =-8.75e-01
  OPTM-WMAX = 1.25e-02
  OPTM-ZIP_ = TRUE
  OPTM-DIV_ = TRUE
  OPTM-TRIA = TRUE
  OPTM-DUAL = FALSE

  Done. (2.220e-04sec)

#-----------------------------------------------------------------------

  Reading GEOM file...

  Done. (5.876e-02sec)

#-----------------------------------------------------------------------

  Forming GEOM data...

  GEOM data summary...

  EUCLIDEAN-MESH

  |NDIMS.| = 2

  |COORD.| = 174047
  |EDGE-2| = 174047

  |SEEDS.| = 0

  |BOUND.| = 0 (0) 

  Done. (1.098e-01sec)

#-----------------------------------------------------------------------

  Reading HFUN file...

  Done. (5.126e+00sec)

#-----------------------------------------------------------------------

  Forming HFUN data...

  HFUN data summary...

  EUCLIDEAN-MESH

  |NDIMS.| = 2

  .MIN(H). = 2.50e+01
  .MAX(H). = 2.71e+01
  
  |MASKED| = 0
  
  |COORD.| = 9627768
  |TRIA-3| = 19242860

  Done. (1.098e+01sec)

#-----------------------------------------------------------------------

  Generate rDT MESH...

#-----------------------------------------------------------------------
#     |ITER.|       |DEL-1|       |DEL-2| 
#-----------------------------------------------------------------------
       10000          2196         17171
       11825          2506         20573

  Done. (1.949e+00sec)

#-----------------------------------------------------------------------

  Forming MESH data...

  Done. (1.348e-02sec)

#-----------------------------------------------------------------------

  MESH optimisation...

#-----------------------------------------------------------------------
#     |MOVE.|       |FLIP.|       |MERGE|       |SPLIT| 
#-----------------------------------------------------------------------
        8391            12           164            49
        8421             1            41             4
        8095             1             5             0
        7383             0             0             0
        4851             0             0             0
         120             0             0             0
           2             0             0             0
           0             0             0             0

  Done. (2.232e+00sec)

#-----------------------------------------------------------------------

  Writing MESH file...

  Done. (1.708e-02sec)

